--
-- undefine the datatype(s).
--
SET client_min_messages = warning;
SET
\set ECHO none
SET
DROP TYPE
DROP OPERATOR CLASS
DROP OPERATOR CLASS
DROP CAST
DROP CAST
DROP OPERATOR
DROP OPERATOR
DROP OPERATOR
DROP OPERATOR
DROP OPERATOR
DROP OPERATOR
DROP FUNCTION
DROP FUNCTION
DROP FUNCTION
DROP FUNCTION
DROP FUNCTION
DROP FUNCTION
DROP FUNCTION
DROP FUNCTION
DROP TYPE
RESET
